// Jest Snapshot v1, https://goo.gl/fbAQLP

exports[`renders home 1`] = `
.c0 {
  background: red;
}

<div
  class="c0"
>
  <h1>
    Hello world
  </h1>
</div>
`;
